// Jest Snapshot v1, https://goo.gl/fbAQLP

exports[`Tile Component Matches the snapshot 1`] = `
<div
  className="tile fade__in"
>
  <div
    className="tress__header"
  >
    Header
  </div>
  <div
    className="tress__title"
  >
    Title
  </div>
  <div
    className="tress__content tress__content--sushi"
  >
    Content
  </div>
</div>
`;
