// Jest Snapshot v1, https://goo.gl/fbAQLP

exports[`TileWithCountUp Component Matches the snapshot 1`] = `
<div
  className="tile"
>
  <div
    className="tress__header"
  >
    Sales
  </div>
  <div
    className="tress__title"
  >
    Week on Week
  </div>
  <div
    className="tress__content tress__content--java"
  >
    <span />
  </div>
</div>
`;
