// Jest Snapshot v1, https://goo.gl/fbAQLP

exports[`TileLoader Component Matches the snapshot 1`] = `
<div
  className="tile"
>
  <div
    className="loader"
  />
</div>
`;
